nohup: ignoring input
2026/03/16 12:21:50 Orbita Server ready on http://localhost:8080
2026/03/16 12:28:01 failed to get user by id: get user by id: pq: bind message supplies 1 parameters, but prepared statement "" requires 5
2026/03/16 12:28:01 failed to get user by id: get user by id: pq: bind message supplies 1 parameters, but prepared statement "" requires 5
2026/03/16 12:28:01 failed to get user by id: get user by id: pq: bind message supplies 1 parameters, but prepared statement "" requires 5
2026/03/16 12:28:16 failed to get user by id: get user by id: pq: unnamed prepared statement does not exist
2026/03/16 12:28:16 failed to get user by id: get user by id: pq: unnamed prepared statement does not exist
2026/03/16 12:28:35 failed to get user by id: get user by id: pq: unnamed prepared statement does not exist
2026/03/16 12:28:35 failed to get user by id: get user by id: pq: unnamed prepared statement does not exist
2026/03/16 12:28:35 failed to get user by id: get user by id: pq: unnamed prepared statement does not exist
2026/03/16 12:28:35 failed to get user by id: get user by id: pq: unnamed prepared statement does not exist
2026/03/16 12:28:35 failed to get user by id: get user by id: pq: bind message supplies 1 parameters, but prepared statement "" requires 2
2026/03/16 12:28:36 failed to get user by id: get user by id: pq: malformed array literal: "27cd5998-70a4-4350-9535-f537c80f816b"
2026/03/16 12:28:39 failed to get user by id: get user by id: pq: malformed array literal: "27cd5998-70a4-4350-9535-f537c80f816b"
2026/03/16 12:29:22 failed to get user by id: get user by id: pq: malformed array literal: "27cd5998-70a4-4350-9535-f537c80f816b"
2026/03/16 12:29:22 failed to get user by id: get user by id: pq: bind message supplies 1 parameters, but prepared statement "" requires 5
2026/03/16 12:29:25 failed to get user by id: get user by id: pq: malformed array literal: "27cd5998-70a4-4350-9535-f537c80f816b"
2026/03/16 12:30:04 failed to get user by id: get user by id: pq: malformed array literal: "27cd5998-70a4-4350-9535-f537c80f816b"
2026/03/16 12:30:07 failed to get user by id: get user by id: pq: bind message supplies 1 parameters, but prepared statement "" requires 5
2026/03/16 12:30:32 failed to get user by id: get user by id: pq: bind message supplies 1 parameters, but prepared statement "" requires 2
2026/03/16 12:30:32 failed to get user by id: get user by id: pq: bind message supplies 1 parameters, but prepared statement "" requires 2
2026/03/16 12:30:32 failed to get user by id: get user by id: pq: bind message supplies 1 parameters, but prepared statement "" requires 2
2026/03/16 12:30:32 failed to get user by id: get user by id: pq: bind message supplies 1 parameters, but prepared statement "" requires 2
2026/03/16 12:30:32 failed to get user by id: get user by id: pq: bind message supplies 1 parameters, but prepared statement "" requires 2
2026/03/16 12:30:34 failed to get user by id: get user by id: pq: malformed array literal: "27cd5998-70a4-4350-9535-f537c80f816b"
2026/03/16 12:34:15 failed to get user by id: get user by id: pq: malformed array literal: "27cd5998-70a4-4350-9535-f537c80f816b"
2026/03/16 12:34:15 failed to get user by id: get user by id: pq: bind message supplies 1 parameters, but prepared statement "" requires 2
2026/03/16 12:35:21 failed to get user by id: get user by id: pq: bind message supplies 1 parameters, but prepared statement "" requires 5
2026/03/16 12:35:22 failed to get user by id: get user by id: pq: malformed array literal: "27cd5998-70a4-4350-9535-f537c80f816b"
2026/03/16 12:36:28 failed to get user by id: get user by id: pq: bind message supplies 1 parameters, but prepared statement "" requires 5
2026/03/16 12:36:30 failed to get user by id: get user by id: pq: malformed array literal: "27cd5998-70a4-4350-9535-f537c80f816b"
2026/03/16 12:38:00 failed to get user by id: get user by id: pq: unnamed prepared statement does not exist
2026/03/16 12:38:01 failed to get user by id: get user by id: pq: bind message supplies 1 parameters, but prepared statement "" requires 2
2026/03/16 12:38:01 failed to get user by id: get user by id: pq: bind message supplies 1 parameters, but prepared statement "" requires 2
2026/03/16 12:38:01 failed to get user by id: get user by id: pq: bind message supplies 1 parameters, but prepared statement "" requires 2
2026/03/16 12:38:01 failed to get user by id: get user by id: pq: bind message supplies 1 parameters, but prepared statement "" requires 5
2026/03/16 12:38:04 failed to get user by id: get user by id: pq: bind message supplies 1 parameters, but prepared statement "" requires 2

	[out:json][timeout:60];
	(
	    nwr["tourism"~"museum|gallery|viewpoint|attraction|zoo|theme_park|aquarium"]["wikidata"](48.646596,6.121025,48.691511,6.189037);

		nwr ["amenity"v"theatre|arts_centre|planetarium"]["wikidata"](48.646596,6.121025,48.691511,6.189037);

		nwr["historic"]["wikidata"](48.646596,6.121025,48.691511,6.189037);

		nwr ["building"="cathedral"]["wikidata"](48.646596,6.121025,48.691511,6.189037);

		nwr ["place"="square"]["wikidata"](48.646596,6.121025,48.691511,6.189037);
	);
	out center;

2026/03/16 12:40:04 failed to get user by id: get user by id: pq: bind message supplies 1 parameters, but prepared statement "" requires 5
2026/03/16 12:40:04 failed to get user by id: get user by id: pq: bind message supplies 1 parameters, but prepared statement "" requires 5
2026/03/16 12:40:05 failed to get user by id: get user by id: pq: bind message supplies 1 parameters, but prepared statement "" requires 2
2026/03/16 12:40:36 failed to get user by id: get user by id: pq: malformed array literal: "27cd5998-70a4-4350-9535-f537c80f816b"
2026/03/16 12:42:29 failed to get user by id: get user by id: pq: bind message supplies 1 parameters, but prepared statement "" requires 5
2026/03/16 12:42:34 failed to get user by id: get user by id: pq: bind message supplies 1 parameters, but prepared statement "" requires 4
2026/03/16 12:42:34 failed to get user by id: get user by id: pq: malformed array literal: "27cd5998-70a4-4350-9535-f537c80f816b"
2026/03/16 12:42:34 failed to get user by id: get user by id: pq: bind message supplies 1 parameters, but prepared statement "" requires 5
2026/03/16 12:42:34 failed to get user by id: get user by id: pq: bind message supplies 1 parameters, but prepared statement "" requires 5
2026/03/16 12:42:34 failed to get user by id: get user by id: pq: malformed array literal: "27cd5998-70a4-4350-9535-f537c80f816b"
2026/03/16 12:42:40 failed to get user by id: get user by id: pq: malformed array literal: "27cd5998-70a4-4350-9535-f537c80f816b"
2026/03/16 12:42:40 failed to get user by id: get user by id: pq: bind message supplies 1 parameters, but prepared statement "" requires 5
2026/03/16 12:42:41 failed to get user by id: get user by id: pq: malformed array literal: "27cd5998-70a4-4350-9535-f537c80f816b"
2026/03/16 12:55:33 failed to get user by id: get user by id: pq: unnamed prepared statement does not exist
2026/03/16 12:55:33 failed to get user by id: get user by id: pq: unnamed prepared statement does not exist
2026/03/16 12:55:33 failed to get user by id: get user by id: pq: unnamed prepared statement does not exist
2026/03/16 12:55:33 failed to get user by id: get user by id: pq: unnamed prepared statement does not exist
2026/03/16 12:55:33 failed to get user by id: get user by id: pq: unnamed prepared statement does not exist
2026/03/16 12:55:33 failed to get user by id: get user by id: pq: bind message supplies 1 parameters, but prepared statement "" requires 5
2026/03/16 12:55:33 failed to get user by id: get user by id: pq: bind message supplies 1 parameters, but prepared statement "" requires 2
2026/03/16 13:02:02 failed to get user by id: get user by id: pq: malformed array literal: "27cd5998-70a4-4350-9535-f537c80f816b"
2026/03/16 13:02:03 failed to get user by id: get user by id: pq: bind message supplies 1 parameters, but prepared statement "" requires 5
2026/03/16 13:02:06 failed to get user by id: get user by id: pq: unnamed prepared statement does not exist
2026/03/16 13:02:07 failed to get user by id: get user by id: pq: bind message supplies 1 parameters, but prepared statement "" requires 5
2026/03/16 13:02:07 failed to get user by id: get user by id: pq: bind message supplies 1 parameters, but prepared statement "" requires 5
2026/03/16 13:02:09 failed to get user by id: get user by id: pq: bind message supplies 1 parameters, but prepared statement "" requires 5
2026/03/16 13:02:09 failed to get user by id: get user by id: pq: bind message supplies 1 parameters, but prepared statement "" requires 5
2026/03/16 13:02:09 failed to get user by id: get user by id: pq: bind message supplies 1 parameters, but prepared statement "" requires 5
2026/03/16 13:02:09 failed to get user by id: get user by id: pq: bind message supplies 1 parameters, but prepared statement "" requires 5
2026/03/16 13:02:09 failed to get user by id: get user by id: pq: bind message supplies 1 parameters, but prepared statement "" requires 2
2026/03/16 13:02:10 failed to get user by id: get user by id: pq: malformed array literal: "27cd5998-70a4-4350-9535-f537c80f816b"
2026/03/16 13:02:49 failed to get user by id: get user by id: pq: bind message supplies 1 parameters, but prepared statement "" requires 5
2026/03/16 13:02:49 failed to get user by id: get user by id: pq: bind message supplies 1 parameters, but prepared statement "" requires 2
2026/03/16 13:02:49 failed to get user by id: get user by id: pq: malformed array literal: "27cd5998-70a4-4350-9535-f537c80f816b"
2026/03/16 13:03:33 failed to get user by id: get user by id: pq: bind message supplies 1 parameters, but prepared statement "" requires 2
2026/03/16 13:03:33 failed to get user by id: get user by id: pq: bind message supplies 1 parameters, but prepared statement "" requires 2
2026/03/16 13:04:31 failed to get user by id: get user by id: pq: unnamed prepared statement does not exist
2026/03/16 13:07:08 failed to get user by id: get user by id: pq: malformed array literal: "27cd5998-70a4-4350-9535-f537c80f816b"
2026/03/16 13:07:08 failed to get user by id: get user by id: pq: malformed array literal: "27cd5998-70a4-4350-9535-f537c80f816b"
2026/03/16 13:07:11 failed to get user by id: get user by id: pq: bind message supplies 1 parameters, but prepared statement "" requires 2
